// Jest Snapshot v1, https://goo.gl/fbAQLP

exports[`Pruebas en  <FirstApp/> debe hacer match con el snapshot 1`] = `
<div>
  <div
    data-testid="test-title"
  >
    Hola soy Vegeta
  </div>
  <p
    data-testid="test-subtitle"
  >
     
    No hay subtitulo
     
  </p>
  <p
    data-testid="test-subtitle"
  >
     
    No hay subtitulo
     
  </p>
  <p>
     
    Nicolas Ochoa
     
  </p>
</div>
`;
